00:00.889  blend            | Read blend: "/mnt/simulations/vehicle-interiors/reference/lincoln-stock.blend"
/mnt/simulations/vehicle-interiors/scripts/build_lincoln.py:35: DeprecationWarning: 'Material.use_nodes' is expected to be removed in Blender 6.0
  m.use_nodes=True; nt=m.node_tree; nt.nodes.clear()
/mnt/simulations/vehicle-interiors/scripts/build_lincoln.py:46: DeprecationWarning: 'Material.use_nodes' is expected to be removed in Blender 6.0
  bodymat.use_nodes=True; p=bodymat.node_tree.nodes.get('Principled BSDF')
/mnt/simulations/vehicle-interiors/scripts/build_lincoln.py:27: DeprecationWarning: 'Material.use_nodes' is expected to be removed in Blender 6.0
  m=bpy.data.materials.new(name); m.diffuse_color=(*color,1); m.use_nodes=True
/mnt/simulations/vehicle-interiors/scripts/build_lincoln.py:177: DeprecationWarning: 'World.use_nodes' is expected to be removed in Blender 6.0
  world=bpy.data.worlds.new('StudioSky'); scene.world=world; world.use_nodes=True; world.node_tree.nodes['Background'].inputs[0].default_value=(.65,.75,.9,1); world.node_tree.nodes['Background'].inputs[1].default_value=.5
Reloading external rigs...
Reloading external metarigs...
FBX version: 7300
ERROR: not enough data in this FBX layer, missing data will be left as default!
FBX version: 7300
ERROR: not enough data in this FBX layer, missing data will be left as default!
FBX version: 7300
ERROR: not enough data in this FBX layer, missing data will be left as default!
FBX version: 7300
ERROR: not enough data in this FBX layer, missing data will be left as default!

FBX export starting... '/mnt/simulations/vehicle-interiors/exports/SK_SeatedMannequin.fbx'
(bpy.data.armatures['SeatedMannequinRig'], 'POSE')
export finished in 0.1075 sec.

FBX export starting... '/mnt/simulations/vehicle-interiors/exports/SM_LincolnCabinDetails.fbx'
export finished in 0.0074 sec.
Info: Packed 6 file(s)
Info: Saved as "Lincoln_Interior_Mannequin.blend"
LINCOLN_BLENDER_COMPLETE
unregister_class(...):, missing bl_rna attribute from '_RNAMeta' instance (may not be registered)Blender 5.2.1 LTS (hash 9e2066aef7ef built 2026-08-25 02:12:34)

Blender quit
